=== Test Summary
NAME                 VALUE                  
───────────────────  ───────────────────────
Outcome              Passed                 
Tests Ran            28                     
Pass Rate            100%                   
Fail Rate            0%                     
Skip Rate            0%                     
Test Run Id          7077a00002LctZd        
Test Execution Time  16378 ms               
Org Id               00D6E0000008cj0UAA     
Username             rcirstea@deloittece.com
Org Wide Coverage    72%                    


=== Test Results
TEST NAME                                                          OUTCOME  MESSAGE  RUNTIME (MS)
─────────────────────────────────────────────────────────────────  ───────  ───────  ────────────
SRV_AccountsTest.processEndDateOfEmployment                        Pass              841         
SRV_AccountsTest.setAccountUserRelation                            Pass              119         
SRV_AccountsTest.setHasPlanningFlag                                Pass              250         
SRV_AccountsTest.setUserMobilePhone                                Pass              60          
SRV_AccountsTest.updatePermissionSetAssignments                    Pass              177         
SEL_AccountsTest.countAccountsByGivenWhereClause                   Pass              559         
SEL_AccountsTest.countEmployeesByOMTest                            Pass              54          
SEL_AccountsTest.selectAccountsByGivenWhereClause                  Pass              100         
SEL_AccountsTest.selectAccountsFromPhoneNumber                     Pass              86          
SEL_AccountsTest.selectAccountsFromUsers                           Pass              91          
SEL_AccountsTest.selectActiveAccountsByIdWithUserInfo              Pass              103         
SEL_AccountsTest.selectActiveAccountsForOrganizations              Pass              86          
SEL_AccountsTest.selectActiveAccountsForOrganizationsWithPlanning  Pass              206         
SEL_AccountsTest.selectActiveAccountsForRoles                      Pass              72          
SEL_AccountsTest.selectActiveForVBMatchingToPlanningProposalTest   Pass              83          
SEL_AccountsTest.selectActiveTeamLeaderAccountsForUsers            Pass              68          
SEL_AccountsTest.selectByAccountWithPlanning                       Pass              77          
SEL_AccountsTest.selectByIdTest                                    Pass              68          
SEL_AccountsTest.selectByIdWithoutSharingTest                      Pass              72          
SEL_AccountsTest.selectLongestHourActiveAccountByUPN               Pass              68          
SEL_AccountsTest.selectLongestHourActiveAccountsByOwnerId          Pass              162         
SEL_AccountsTest.selectLongestHourActiveBezorgerAccountByOwnerId   Pass              85          
SEL_AccountsTest.selectTeamLeadersByTeamId                         Pass              77          
DOM_ACCodesTest.UpdateRecordHash                                   Pass              526         
DOM_ACCodesTest.updateLongestRunningACCode                         Pass              65          
SRV_ACCodesTest.getRecordHash                                      Pass              468         
AssignWorkordersContrTest.changingTheOwnerOfAWorkOrder             Pass              6746        
AssignWorkordersContrTest.testCancelButton                         Pass              5009        


=== Apex Code Coverage by Class
CLASSES                              PERCENT  UNCOVERED LINES       
───────────────────────────────────  ───────  ──────────────────────
DBO_DateUtil                         50%      27,28,29,30,31...     
DBO_WeekNumberingSystem              90%      29                    
DBO_MinionTime                       93%      578,580,581,582,588...
DBO_Locale                           54%      77,82,99,177,178...   
PlanningUtilities                    85%      36,72,73,118,120...   
DataUtilities                        69%      74,85,86,87,89...     
AccountTrigger                       69%      18,44,45,46,47...     
UserUtilities                        86%      48,79,160,161,178...  
OrganizationUtilities                86%      128,135,178,182,217...
SRV_Plannings                        0%       8,9,12,13,24...       
DOM_Cases                            0%       8,9,12,13,14...       
SRV_PGS_Utilities                    68%      142,145,146,147,149...
SEL_PortalMessageRead                0%       3,4,7,8,11...         
SEL_PortalMessages                   0%       3,4,7,8,11...         
SEL_User                             74%      54,55,56,57,58...     
fflib_SObjectDescribe                92%      77,79,192,210,250...  
DOM_Workorders                       88%      32,33,94,111,127...   
DOM_TriggersAdaptor                  85%      57,58,59,62,74...     
DOM_Workorders_HouseNumber           92%      31                    
DepotTriggerHandler                  10%      17,19,20,21,24...     
SRV_DepotMasterLockCode              100%                           
SEL_DepotMasterLockCodeExcludeList   40%      18,19,26,27,32...     
SoqlHelper                           37%      22,24,26,27,50...     
PostNLUtilities                      91%      55,66,86,118          
SEL_OrganizationModel                24%      47,48,49,50,51...     
SEL_UserRole                         100%                           
DOM_Plannings                        95%      9,10,90,91,246        
DOM_PortalMessageTemplates           83%      9,10                  
SEL_WorkorderObservations            45%      28,29,41,42,70...     
DOM_Workorders_SetObservationFields  100%                           
SEL_PlanningProposals                100%                           
DOM_RouteForecast                    92%      8,9                   
SEL_Routes                           44%      32,33,35,36,37...     
SEL_RouteForecasts                   83%      23,24                 
LogUtilities                         94%      64,87                 
AssignWorkordersContr                93%      27,142,143,144,160... 
DOM_OrganizationModels               70%      10,11,83,84,85...     
SEL_GroupMembers                     31%      6,7,14,15,34...       
SEL_Groups                           100%                           
DOM_OrganizationRelationships        0%       13,14,17,19,20...     
SEL_Replacements                     85%      67,69,70,72,73...     
AccountUpdateUtilities               99%      31                    
DOM_ACCodes                          91%      10,11,29,30           
SEL_CaseScenarios                    4%       14,15,22,23,28...     
SEL_CaseScenarioFields               100%                           
SEL_OM_Employees                     86%      91,116,117,119,146... 
SEL_OM_Users                         31%      33,34,37,39,41...     
SEL_OrganizationModelRelationships   59%      84,85,86,88,89...     
DOM_OM_Employee                      90%      8,9                   
DOM_OM_Users                         90%      8,9                   
DOM_Account_Updates                  90%      9,10                  
SEL_VoorbereidenBezorgerMapping      67%      18,19,26,27           
SEL_Accounts                         98%      172,173,175,349,350...
SEL_FunctionProfileMapping           67%      18,19,26,27           
SRV_Process_Queue                    0%       11,12,22,27,32...     
DOM_Process_Queue                    0%       12,13,17,19,21...     
SEL_PGS_Logs                         90%      22,23,56,57           
SRV_Database                         100%                           
SRV_Cases                            91%      67,70,71,105          
SRV_Workorders                       100%                           
SRV_Logs                             97%      54                    
DOM_Workorders_SetSyncTimes          100%                           
SEL_Plannings                        73%      43,44,45,46,55...     
DOM_Workorders_StatusAndObservation  68%      65,66,67,68,72...     
fflib_SObjectDomain                  95%      138,153,246,254,256...
Application                          100%                           
fflib_IDGenerator                    100%                           
fflib_Application                    36%      61,73,76,77,78...     
fflib_QueryFactory                   97%      196,442,443,454,455...
fflib_SObjectSelector                70%      37,39,40,42,175...    
DOM_Workorders_Barcode               100%                           
fflib_SecurityUtils                  8%       52,53,54,55,56...     
SEL_WorkorderPartycodes              90%      46,47                 
ProcessQueueTrigger                  50%      4                     
SRV_PlanningProposals                89%      26                    
SRV_AccountUpdates                   100%                           
SEL_CustomSettings                   100%                           
SEL_Depots                           16%      47,48,49,51,54...     
SEL_ApexSettings                     0%       10,11,18,19,26...     
DOM_CodeTrigger_Events               87%      9,10                  
SEL_ContentVersions                  100%                           
DOM_ContentDocumentLink              92%      25,26,119,125,126     
DOM_ContentDocument                  81%      25,26,94,95           
SEL_ContentDocuments                 100%                           
SEL_Cases                            98%      122                   
SEL_Attachments                      0%       12,13,20,21,24...     
SEL_AttachmentSyncRecords            100%                           
SEL_OM_Process_Codes                 94%      47                    
SEL_Profiles                         100%                           
DOM_Depots                           90%      8,9                   
RouteTriggerHandler                  79%      13,20,26,33           
PortalMessageUtilities               0%       16,17,24,25,38...     
RouteTrigger                         100%                           
TriggerEventRouter                   65%      25,27,40,42,44...     
BaseTriggerHandler                   29%      11,13,17,19,21        
AccountTriggerHandler                100%                           
DOM_DML_Events                       77%      8,9,60,61,62...       
SRV_Validator                        0%       9,10,20,26,27...      
SRV_PlanningsTeamSharing_Queue       100%                           
SEL_RecordTypes                      100%                           
SEL_NamedCredentials                 93%      49,50                 
RoutePointTrigger                    100%                           
DataSecurityUtilities                77%      28,29,30,70,102...    
SRV_ACCodes                          100%                           
DepotTrigger                         100%                           
DOM_Accounts                         97%      9,10                  
SRV_Accounts                         93%      31,97,99,100,103...   
DOM_BbppCache                        95%      9,10                  
SEL_BbppCaches                       100%                           
SRV_PGS_SetupGroups                  98%      107                   
SRV_PGS_SetupMemberUsers             96%      38,184,185            
SRV_PGS_SetupMemberGroups            88%      101,111,112,113,114...
SRV_PGS_Maintenance_Queue            48%      13,14,17,19,24...     
DOM_RoutePoint                       91%      8,9,173,189,190...    
UnitTestUtilities                    89%      89,90,312,313,314...  
RoutePointUtilities                  87%      48,50,51,52,53...     
OrganizationModelTrigger             100%                           
SEL_AcCodeOrders                     100%                           
fflib_SObjectUnitOfWork              77%      114,115,118,119,121...
SEL_OrganizationModelSharings        100%                           
DOM_OrganizationModelSharings        0%       12,13,16,18,20...     
SRV_Depots                           13%      24,27,28,29,30...     
SEL_MobileDevices                    13%      18,19,26,27,35...     
DOM_Mobile_Devices                   0%       8,9,13,14,16...       
SRV_OrangeCards                      100%                           
DOM_OrangeCards                      0%       12,13,20,21,22...     
SRV_OrganizationModels               97%      61                    
WorkOrderUtilities                   66%      43,45,52,53,56...     
WorkOrderTriggerHandler              90%      112,114,117,153,154...
UserTrigger                          100%                           
PlanningTrigger                      79%      81,103,123,126,141... 
SEL_BusinessHours                    100%                           
SEL_PostNLPreferences                100%                           
WorkOrderTrigger                     100%                           
SEL_Workorders                       48%      22,23,26,27,28...     
SEL_WorkorderExclusionCodes          81%      31,32,45              
SRV_PerformanceLogger                100%                           
SRV_DeliveryQualityControl           88%      113,114,116,152,153...
SEL_DeliveryQualityControl           0%       8,9,16,17,25...       
SEL_DeliveryQualityControlTask       0%       6,7,14,15,22...       
DOM_Workorders_DeliveryQualityCheck  63%      22,36,37,40,41...     
DOM_TargetAudienceFilters            80%      9,10,47,66,67         
SRV_NamedCredentials                 80%      26,27,28              
SEL_Encryption_Keys                  0%       6,7,10,11,14...       
SEL_Organization                     0%       6,7,14,15,22...       
SRV_iWelcome                         79%      27,28,29,30,31...     
SRV_Encryption                       100%                           
SRV_EncryptionKeys                   13%      21,22,25,26,27...     
SEL_ExtraTimeRequests                50%      18,19,26,27           
SRV_ExtraTimeRequest                 0%       3,4,16,18,19...       
SRV_RestResponse                     100%                           
SEL_RoutePoints                      0%       8,9,17,18,26...       
SRV_RoutePoint_Queue                 0%       9,10,16,17,18...      
SEL_OM_Depots                        0%       3,4,7,8,11...         
SRV_OrganizationModelSharing_Queue   0%       13,14,20,22,24...     
SRV_User_PermissionSetGroup_Queue    100%                           
SEL_PermissionSetAssignments         78%      46,47,48,50           
SEL_FuncPermSetGroupMapping          44%      15,16,24,25,43...     
SEL_PermissionSetGroups              64%      15,16,24,25,47        
